// Jest Snapshot v1, https://goo.gl/fbAQLP

exports[`Footer.vue 1`] = `
<nav class="navbar navbar navbar-expand-lg gradient-custom" role="navigation">
  <!---->
</nav>
<nav class="navbar navbar-expand-lg" role="navigation">
  <div class="container-fluid">
    <nav class="navbar navbar navbar-expand-lg gradient-custom" role="navigation">
      <!---->
    </nav><a class="navbar-brand mx-auto ms-5 ps-5 my-2" center="" href="#"><img src="https://disc4all.upf.edu/wp-content/uploads/2021/09/Disc4all_120.png" class="h-auto w-75" loading="lazy"></a><button class="navbar-toggler toggler ms-0" type="button" aria-controls="#navbarSupportedContent" aria-expanded="false" aria-label="Toggle navigation"><i class="fas fa-bars fa-1x"></i></button>
    <transition-stub enteractiveclass="collapsing" leaveactiveclass="collapsing show" duration="300" appear="false" persisted="false" css="true">
      <div class="collapse navbar-collapse" id="navbarSupportedContent" style="height: 0px; width: 0px;">
        <ul class="navbar-nav ms-auto ps-5 ms-0 mb-4 mb-lg-0">
          <li class="nav-item prova" style="color: rgb(0, 2, 33);">
            <router-link class="nav-link active" exact="false" to="#" target=""> Project </router-link>
          </li>
          <li class="nav-item prova"><a href="#" class="nav-link" target=""> Platform </a></li>
          <li class="nav-item prova"><a href="#" class="nav-link" target=""> Consortium </a></li>
          <li class="nav-item prova"><a href="#" class="nav-link" target=""> News &amp; Events </a></li>
          <li class="nav-item prova"><a href="#" class="nav-link" target=""> Related Projects </a></li><button type="button" role="button" class="btn me-md-2 fw-bolder prova1 ripple-surface"> Contact Us </button>
        </ul>
      </div>
    </transition-stub>
  </div>
  <!---->
</nav>
`;

exports[`Header.vue 1`] = `
<nav class="navbar navbar navbar-expand-lg gradient-custom" role="navigation">
  <!---->
</nav>
<nav class="navbar navbar-expand-lg" role="navigation">
  <div class="container-fluid">
    <nav class="navbar navbar navbar-expand-lg gradient-custom" role="navigation">
      <!---->
    </nav><a class="navbar-brand mx-auto ms-5 ps-5 my-2" center="" href="#"><img src="https://disc4all.upf.edu/wp-content/uploads/2021/09/Disc4all_120.png" class="h-auto w-75" loading="lazy"></a><button class="navbar-toggler toggler ms-0" type="button" aria-controls="#navbarSupportedContent" aria-expanded="false" aria-label="Toggle navigation"><i class="fas fa-bars fa-1x"></i></button>
    <transition-stub enteractiveclass="collapsing" leaveactiveclass="collapsing show" duration="300" appear="false" persisted="false" css="true">
      <div class="collapse navbar-collapse" id="navbarSupportedContent" style="height: 0px; width: 0px;">
        <ul class="navbar-nav ms-auto ps-5 ms-0 mb-4 mb-lg-0">
          <li class="nav-item prova" style="color: rgb(0, 2, 33);">
            <router-link class="nav-link active" exact="false" to="#" target=""> Project </router-link>
          </li>
          <li class="nav-item prova"><a href="#" class="nav-link" target=""> Platform </a></li>
          <li class="nav-item prova"><a href="#" class="nav-link" target=""> Consortium </a></li>
          <li class="nav-item prova"><a href="#" class="nav-link" target=""> News &amp; Events </a></li>
          <li class="nav-item prova"><a href="#" class="nav-link" target=""> Related Projects </a></li><button type="button" role="button" class="btn me-md-2 fw-bolder prova1 ripple-surface"> Contact Us </button>
        </ul>
      </div>
    </transition-stub>
  </div>
  <!---->
</nav>
`;

exports[`Slideshow.vue 1`] = `
<nav class="navbar navbar navbar-expand-lg gradient-custom" role="navigation">
  <!---->
</nav>
<nav class="navbar navbar-expand-lg" role="navigation">
  <div class="container-fluid">
    <nav class="navbar navbar navbar-expand-lg gradient-custom" role="navigation">
      <!---->
    </nav><a class="navbar-brand mx-auto ms-5 ps-5 my-2" center="" href="#"><img src="https://disc4all.upf.edu/wp-content/uploads/2021/09/Disc4all_120.png" class="h-auto w-75" loading="lazy"></a><button class="navbar-toggler toggler ms-0" type="button" aria-controls="#navbarSupportedContent" aria-expanded="false" aria-label="Toggle navigation"><i class="fas fa-bars fa-1x"></i></button>
    <transition-stub enteractiveclass="collapsing" leaveactiveclass="collapsing show" duration="300" appear="false" persisted="false" css="true">
      <div class="collapse navbar-collapse" id="navbarSupportedContent" style="height: 0px; width: 0px;">
        <ul class="navbar-nav ms-auto ps-5 ms-0 mb-4 mb-lg-0">
          <li class="nav-item prova" style="color: rgb(0, 2, 33);">
            <router-link class="nav-link active" exact="false" to="#" target=""> Project </router-link>
          </li>
          <li class="nav-item prova"><a href="#" class="nav-link" target=""> Platform </a></li>
          <li class="nav-item prova"><a href="#" class="nav-link" target=""> Consortium </a></li>
          <li class="nav-item prova"><a href="#" class="nav-link" target=""> News &amp; Events </a></li>
          <li class="nav-item prova"><a href="#" class="nav-link" target=""> Related Projects </a></li><button type="button" role="button" class="btn me-md-2 fw-bolder prova1 ripple-surface"> Contact Us </button>
        </ul>
      </div>
    </transition-stub>
  </div>
  <!---->
</nav>
`;
